Analysis & Synthesis report for term
Wed May 16 12:20:02 2018
Version 4.2 Build 157 12/07/2004 SJ Full Version


---------------------
; Table of Contents ;
---------------------
  1. Legal Notice
  2. Analysis & Synthesis Summary
  3. Analysis & Synthesis Settings
  4. Hierarchy
  5. User-Specified and Inferred Latches
  6. General Register Statistics
  7. Inverted Register Statistics
  8. WYSIWYG Cells
  9. Analysis & Synthesis Resource Utilization by Entity
 10. Analysis & Synthesis Equations
 11. Analysis & Synthesis Source Files Read
 12. Analysis & Synthesis Resource Usage Summary
 13. Analysis & Synthesis Messages



----------------
; Legal Notice ;
----------------
Copyright (C) 1991-2004 Altera Corporation
Any  megafunction  design,  and related netlist (encrypted  or  decrypted),
support information,  device programming or simulation file,  and any other
associated  documentation or information  provided by  Altera  or a partner
under  Altera's   Megafunction   Partnership   Program  may  be  used  only
to program  PLD  devices (but not masked  PLD  devices) from  Altera.   Any
other  use  of such  megafunction  design,  netlist,  support  information,
device programming or simulation file,  or any other  related documentation
or information  is prohibited  for  any  other purpose,  including, but not
limited to  modification,  reverse engineering,  de-compiling, or use  with
any other  silicon devices,  unless such use is  explicitly  licensed under
a separate agreement with  Altera  or a megafunction partner.  Title to the
intellectual property,  including patents,  copyrights,  trademarks,  trade
secrets,  or maskworks,  embodied in any such megafunction design, netlist,
support  information,  device programming or simulation file,  or any other
related documentation or information provided by  Altera  or a megafunction
partner, remains with Altera, the megafunction partner, or their respective
licensors. No other licenses, including any licenses needed under any third
party's intellectual property, are provided herein.



+------------------------------------------------------------------------+
; Analysis & Synthesis Summary                                           ;
+-----------------------------+------------------------------------------+
; Analysis & Synthesis Status ; Successful - Wed May 16 12:20:02 2018    ;
; Quartus II Version          ; 4.2 Build 157 12/07/2004 SJ Full Version ;
; Revision Name               ; term                                     ;
; Top-level Entity Name       ; term                                     ;
; Family                      ; EXCALIBUR_ARM                            ;
; Total logic elements        ; 40                                       ;
; Total pins                  ; 25                                       ;
; Total virtual pins          ; 0                                        ;
; Total memory bits           ; 0                                        ;
; Total PLLs                  ; 0                                        ;
+-----------------------------+------------------------------------------+


+----------------------------------------------------------------------------------------------------------------------------+
; Analysis & Synthesis Settings                                                                                              ;
+--------------------------------------------------------------------------------------------+---------------+---------------+
; Option                                                                                     ; Setting       ; Default Value ;
+--------------------------------------------------------------------------------------------+---------------+---------------+
; Device                                                                                     ; EPXA4F672C3   ;               ;
; Family name                                                                                ; EXCALIBUR_ARM ; Stratix       ;
; Use smart compilation                                                                      ; Normal        ; Normal        ;
; Create Debugging Nodes for IP Cores                                                        ; off           ; off           ;
; Preserve fewer node names                                                                  ; On            ; On            ;
; Disable OpenCore Plus hardware evaluation                                                  ; Off           ; Off           ;
; Verilog Version                                                                            ; Verilog_2001  ; Verilog_2001  ;
; VHDL Version                                                                               ; VHDL93        ; VHDL93        ;
; Top-level entity name                                                                      ; term          ; term          ;
; State Machine Processing                                                                   ; Auto          ; Auto          ;
; Extract Verilog State Machines                                                             ; On            ; On            ;
; Extract VHDL State Machines                                                                ; On            ; On            ;
; NOT Gate Push-Back                                                                         ; On            ; On            ;
; Power-Up Don't Care                                                                        ; On            ; On            ;
; Remove Redundant Logic Cells                                                               ; Off           ; Off           ;
; Remove Duplicate Registers                                                                 ; On            ; On            ;
; Ignore CARRY Buffers                                                                       ; Off           ; Off           ;
; Ignore CASCADE Buffers                                                                     ; Off           ; Off           ;
; Ignore GLOBAL Buffers                                                                      ; Off           ; Off           ;
; Ignore ROW GLOBAL Buffers                                                                  ; Off           ; Off           ;
; Ignore LCELL Buffers                                                                       ; Off           ; Off           ;
; Ignore SOFT Buffers                                                                        ; On            ; On            ;
; Limit AHDL Integers to 32 Bits                                                             ; Off           ; Off           ;
; Auto Implement in ROM                                                                      ; Off           ; Off           ;
; Technology Mapper -- APEX 20K/APEX 20KE/APEX 20KC/APEX II/ARM-based Excalibur              ; LUT           ; LUT           ;
; Optimization Technique -- APEX 20K/APEX 20KE/APEX 20KC/APEX II/ARM-based Excalibur         ; Balanced      ; Balanced      ;
; Allow XOR Gate Usage                                                                       ; On            ; On            ;
; Carry Chain Length                                                                         ; 48            ; 48            ;
; Cascade Chain Length                                                                       ; 2             ; 2             ;
; Parallel Expander Chain Length -- APEX 20K/APEX 20KE/APEX 20KC/APEX II/ARM-based Excalibur ; 16            ; 16            ;
; Auto Carry Chains                                                                          ; On            ; On            ;
; Auto Parallel Expanders                                                                    ; On            ; On            ;
; Auto Open-Drain Pins                                                                       ; On            ; On            ;
; Remove Duplicate Logic                                                                     ; On            ; On            ;
; Perform WYSIWYG Primitive Resynthesis                                                      ; Off           ; Off           ;
; Perform gate-level register retiming                                                       ; Off           ; Off           ;
; Allow register retiming to trade off Tsu/Tco with Fmax                                     ; On            ; On            ;
; Auto ROM Replacement                                                                       ; On            ; On            ;
; Auto RAM Replacement                                                                       ; On            ; On            ;
; Auto Clock Enable Replacement                                                              ; On            ; On            ;
; Auto Resource Sharing                                                                      ; Off           ; Off           ;
; Allow Any RAM Size For Recognition                                                         ; Off           ; Off           ;
; Allow Any ROM Size For Recognition                                                         ; Off           ; Off           ;
; Allow Any Shift Register Size For Recognition                                              ; Off           ; Off           ;
+--------------------------------------------------------------------------------------------+---------------+---------------+


+-----------+
; Hierarchy ;
+-----------+
term
 |-- SEG_DEC:U0
 |-- lpm_counter:counts_rtl_0
      |-- alt_synch_counter:wysi_counter


+---------------------------------------------------+
; User-Specified and Inferred Latches               ;
+-----------------------------------------------+---+
; Latch Name                                    ;   ;
+-----------------------------------------------+---+
; SEG_DEC:U0|SEG_DEC[6]                         ;   ;
; SEG_DEC:U0|SEG_DEC[5]                         ;   ;
; SEG_DEC:U0|SEG_DEC[4]                         ;   ;
; SEG_DEC:U0|SEG_DEC[3]                         ;   ;
; SEG_DEC:U0|SEG_DEC[2]                         ;   ;
; SEG_DEC:U0|SEG_DEC[1]                         ;   ;
; SEG_DEC:U0|SEG_DEC[0]                         ;   ;
; Number of user-specified and inferred latches ; 7 ;
+-----------------------------------------------+---+


+------------------------------------------------------+
; General Register Statistics                          ;
+----------------------------------------------+-------+
; Statistic                                    ; Value ;
+----------------------------------------------+-------+
; Total registers                              ; 16    ;
; Number of registers using Synchronous Clear  ; 14    ;
; Number of registers using Synchronous Load   ; 0     ;
; Number of registers using Asynchronous Clear ; 15    ;
; Number of registers using Asynchronous Load  ; 0     ;
; Number of registers using Clock Enable       ; 1     ;
; Number of registers using Output Enable      ; 0     ;
; Number of registers using Preset             ; 0     ;
+----------------------------------------------+-------+


+--------------------------------------------------+
; Inverted Register Statistics                     ;
+----------------------------------------+---------+
; Inverted Register                      ; Fan out ;
+----------------------------------------+---------+
; CLK1                                   ; 2       ;
; Total number of inverted registers = 1 ;         ;
+----------------------------------------+---------+


+----------------------------------------------------------------+
; WYSIWYG Cells                                                  ;
+--------------------------------------------------------+-------+
; Statistic                                              ; Value ;
+--------------------------------------------------------+-------+
; Number of WYSIWYG cells                                ; 14    ;
; Number of synthesis-generated cells                    ; 26    ;
; Number of WYSIWYG LUTs                                 ; 14    ;
; Number of synthesis-generated LUTs                     ; 24    ;
; Number of WYSIWYG registers                            ; 14    ;
; Number of synthesis-generated registers                ; 2     ;
; Number of cells with combinational logic only          ; 24    ;
; Number of cells with registers only                    ; 2     ;
; Number of cells with combinational logic and registers ; 14    ;
+--------------------------------------------------------+-------+


+-------------------------------------------------------------------------------------------------------------------------------------------------------------------------------------------------------------------------------------------------+
; Analysis & Synthesis Resource Utilization by Entity                                                                                                                                                                                             ;
+----------------------------------------+-------------+--------------+-------------+------+--------------+--------------+-------------------+------------------+-----------------+---------------------------------------------------------------+
; Compilation Hierarchy Node             ; Logic Cells ; LC Registers ; Memory Bits ; Pins ; Virtual Pins ; LUT-Only LCs ; Register-Only LCs ; LUT/Register LCs ; Carry Chain LCs ; Full Hierarchy Name                                           ;
+----------------------------------------+-------------+--------------+-------------+------+--------------+--------------+-------------------+------------------+-----------------+---------------------------------------------------------------+
; |term                                  ; 40 (11)     ; 16           ; 0           ; 25   ; 0            ; 24 (9)       ; 2 (2)             ; 14 (0)           ; 14 (0)          ; |term                                                         ;
;    |SEG_DEC:U0|                        ; 15 (15)     ; 0            ; 0           ; 0    ; 0            ; 15 (15)      ; 0 (0)             ; 0 (0)            ; 0 (0)           ; |term|SEG_DEC:U0                                              ;
;    |lpm_counter:counts_rtl_0|          ; 14 (0)      ; 14           ; 0           ; 0    ; 0            ; 0 (0)        ; 0 (0)             ; 14 (0)           ; 14 (0)          ; |term|lpm_counter:counts_rtl_0                                ;
;       |alt_synch_counter:wysi_counter| ; 14 (14)     ; 14           ; 0           ; 0    ; 0            ; 0 (0)        ; 0 (0)             ; 14 (14)          ; 14 (14)         ; |term|lpm_counter:counts_rtl_0|alt_synch_counter:wysi_counter ;
+----------------------------------------+-------------+--------------+-------------+------+--------------+--------------+-------------------+------------------+-----------------+---------------------------------------------------------------+


+--------------------------------+
; Analysis & Synthesis Equations ;
+--------------------------------+
The equations can be found in D:/lyj/term/term.map.eqn.


+--------------------------------------------------------------------------------------------------------------------------+
; Analysis & Synthesis Source Files Read                                                                                   ;
+----------------------------------+-----------------+---------------------------------------------------------------------+
; File Name with User-Entered Path ; Used in Netlist ; File Name with Absolute Path                                        ;
+----------------------------------+-----------------+---------------------------------------------------------------------+
; term.v                           ; yes             ; D:/lyj/term/term.v                                                  ;
; lpm_counter.tdf                  ; yes             ; c:/altera/quartus42/libraries/megafunctions/lpm_counter.tdf         ;
; lpm_constant.inc                 ; yes             ; c:/altera/quartus42/libraries/megafunctions/lpm_constant.inc        ;
; lpm_decode.inc                   ; yes             ; c:/altera/quartus42/libraries/megafunctions/lpm_decode.inc          ;
; lpm_add_sub.inc                  ; yes             ; c:/altera/quartus42/libraries/megafunctions/lpm_add_sub.inc         ;
; cmpconst.inc                     ; yes             ; c:/altera/quartus42/libraries/megafunctions/cmpconst.inc            ;
; lpm_compare.inc                  ; yes             ; c:/altera/quartus42/libraries/megafunctions/lpm_compare.inc         ;
; lpm_counter.inc                  ; yes             ; c:/altera/quartus42/libraries/megafunctions/lpm_counter.inc         ;
; dffeea.inc                       ; yes             ; c:/altera/quartus42/libraries/megafunctions/dffeea.inc              ;
; alt_synch_counter.inc            ; yes             ; c:/altera/quartus42/libraries/megafunctions/alt_synch_counter.inc   ;
; alt_synch_counter_f.inc          ; yes             ; c:/altera/quartus42/libraries/megafunctions/alt_synch_counter_f.inc ;
; alt_counter_f10ke.inc            ; yes             ; c:/altera/quartus42/libraries/megafunctions/alt_counter_f10ke.inc   ;
; alt_counter_stratix.inc          ; yes             ; c:/altera/quartus42/libraries/megafunctions/alt_counter_stratix.inc ;
; aglobal42.inc                    ; yes             ; c:/altera/quartus42/libraries/megafunctions/aglobal42.inc           ;
; alt_synch_counter.tdf            ; yes             ; c:/altera/quartus42/libraries/megafunctions/alt_synch_counter.tdf   ;
; mercury_lcell.inc                ; yes             ; c:/altera/quartus42/libraries/megafunctions/mercury_lcell.inc       ;
; apex20ke_lcell.inc               ; yes             ; c:/altera/quartus42/libraries/megafunctions/apex20ke_lcell.inc      ;
; apex20k_lcell.inc                ; yes             ; c:/altera/quartus42/libraries/megafunctions/apex20k_lcell.inc       ;
; flex6k_lcell.inc                 ; yes             ; c:/altera/quartus42/libraries/megafunctions/flex6k_lcell.inc        ;
; alt_asynch_counter.inc           ; yes             ; c:/altera/quartus42/libraries/megafunctions/alt_asynch_counter.inc  ;
+----------------------------------+-----------------+---------------------------------------------------------------------+


+--------------------------------------------------+
; Analysis & Synthesis Resource Usage Summary      ;
+-----------------------------------+--------------+
; Resource                          ; Usage        ;
+-----------------------------------+--------------+
; Logic cells                       ; 40           ;
; Total combinational functions     ; 38           ;
; Total 4-input functions           ; 19           ;
; Total 3-input functions           ; 5            ;
; Total 2-input functions           ; 0            ;
; Total 1-input functions           ; 13           ;
; Total 0-input functions           ; 1            ;
; Combinational cells for routing   ; 0            ;
; Total registers                   ; 16           ;
; Total logic cells in carry chains ; 14           ;
; I/O pins                          ; 25           ;
; Maximum fan-out node              ; LessThan~328 ;
; Maximum fan-out                   ; 15           ;
; Total fan-out                     ; 174          ;
; Average fan-out                   ; 2.68         ;
+-----------------------------------+--------------+


+-------------------------------+
; Analysis & Synthesis Messages ;
+-------------------------------+
Info: *******************************************************************
Info: Running Quartus II Analysis & Synthesis
    Info: Version 4.2 Build 157 12/07/2004 SJ Full Version
    Info: Processing started: Wed May 16 12:20:01 2018
Info: Command: quartus_map --import_settings_files=on --export_settings_files=off term -c term
Warning: This product family is not recommended for new designs. Altera provides newer product families with better cost & performance attributes than ARM-Based Excalibur devices
Warning: Can't analyze file -- file D:/lyj/keypad_scan/term.v is missing
Info: Found 2 design units, including 2 entities, in source file term.v
    Info: Found entity 1: term
    Info: Found entity 2: SEG_DEC
Warning: Verilog HDL assignment warning at term.v(38): truncated value with size 15 to match size of target (14)
Warning: Verilog HDL assignment warning at term.v(42): truncated value with size 3 to match size of target (2)
Warning: Verilog HDL Always Construct warning at term.v(44): variable DEC_TMP may not be assigned a new value in every possible path through the Always Construct.  Variable DEC_TMP holds its previous value in every path with no new value assignment, which may create a combinational loop in the current design.
Warning: Verilog HDL Always Construct warning at term.v(50): variable SEG_SEL may not be assigned a new value in every possible path through the Always Construct.  Variable SEG_SEL holds its previous value in every path with no new value assignment, which may create a combinational loop in the current design.
Warning: Verilog HDL Always Construct warning at term.v(65): variable SEG_DEC may not be assigned a new value in every possible path through the Always Construct.  Variable SEG_DEC holds its previous value in every path with no new value assignment, which may create a combinational loop in the current design.
Warning: Reduced register "SEL_SEG[1]" with stuck data_in port to stuck value GND
Warning: LATCH primitive "SEG_SEL[7]$latch" is permanently enabled
Warning: LATCH primitive "SEG_SEL[5]$latch" is permanently enabled
Warning: LATCH primitive "DEC_TMP[0]" is permanently enabled
Warning: LATCH primitive "DEC_TMP[1]" is permanently enabled
Warning: LATCH primitive "DEC_TMP[2]" is permanently enabled
Warning: LATCH primitive "DEC_TMP[3]" is permanently enabled
Info: Inferred 1 megafunctions from design logic
    Info: Inferred lpm_counter megafunction (LPM_WIDTH=14) from the following logic: "counts[0]~28"
Info: Found 1 design units, including 1 entities, in source file c:/altera/quartus42/libraries/megafunctions/lpm_counter.tdf
    Info: Found entity 1: lpm_counter
Info: Found 1 design units, including 1 entities, in source file c:/altera/quartus42/libraries/megafunctions/alt_synch_counter.tdf
    Info: Found entity 1: alt_synch_counter
Info: Registers with preset signals will power-up high
Info: DEV_CLRn pin will set, and not reset, register with preset signal due to NOT Gate Push-Back
Warning: Output pins are stuck at VCC or GND
    Warning: Pin "SEG_SEL[6]" stuck at VCC
    Warning: Pin "SEG_SEL[4]" stuck at VCC
    Warning: Pin "SEG_SEL[3]" stuck at VCC
    Warning: Pin "SEG_SEL[2]" stuck at VCC
    Warning: Pin "SEG_SEL[1]" stuck at VCC
    Warning: Pin "SEG_SEL[0]" stuck at VCC
Info: Implemented 65 device resources after synthesis - the final resource count might be different
    Info: Implemented 10 input pins
    Info: Implemented 15 output pins
    Info: Implemented 40 logic cells
Info: Quartus II Analysis & Synthesis was successful. 0 errors, 21 warnings
    Info: Processing ended: Wed May 16 12:20:02 2018
    Info: Elapsed time: 00:00:01


